Command line invocation:
    /Applications/Xcode.app/Contents/Developer/usr/bin/xcodebuild -project /Users/kdas/SEA/Immigration/ImmigrationFinalShowcase/ios/snapclone.xcodeproj -configuration Debug -scheme snapclone -destination id=0123CC9C-76BB-4B51-9C32-C7ABED018428

ComputePackagePrebuildTargetDependencyGraph

Prepare packages

CreateBuildRequest

SendProjectDescription

CreateBuildOperation

ComputeTargetDependencyGraph
note: Building targets in dependency order
note: Target dependency graph (1 target)
    Target 'snapclone' in project 'snapclone' (no dependencies)

GatherProvisioningInputs

CreateBuildDescription

ExecuteExternalTool /Applications/Xcode.app/Contents/Developer/Toolchains/XcodeDefault.xctoolchain/usr/bin/clang -v -E -dM -isysroot /Applications/Xcode.app/Contents/Developer/Platforms/iPhoneSimulator.platform/Developer/SDKs/iPhoneSimulator26.5.sdk -x c -c /dev/null

ExecuteExternalTool /Applications/Xcode.app/Contents/Developer/usr/bin/ibtool --version --output-format xml1

ExecuteExternalTool /Applications/Xcode.app/Contents/Developer/Toolchains/XcodeDefault.xctoolchain/usr/bin/clang -v -E -dM -arch arm64 -isysroot /Applications/Xcode.app/Contents/Developer/Platforms/iPhoneSimulator.platform/Developer/SDKs/iPhoneSimulator26.5.sdk -x c -c /dev/null

ExecuteExternalTool /Applications/Xcode.app/Contents/Developer/usr/bin/actool --print-asset-tag-combinations --output-format xml1 /Users/kdas/SEA/Immigration/ImmigrationFinalShowcase/ios/snapclone/Images.xcassets

ExecuteExternalTool /Applications/Xcode.app/Contents/Developer/usr/bin/actool --version --output-format xml1

ExecuteExternalTool /Applications/Xcode.app/Contents/Developer/Toolchains/XcodeDefault.xctoolchain/usr/bin/swiftc --version

ExecuteExternalTool /Applications/Xcode.app/Contents/Developer/Toolchains/XcodeDefault.xctoolchain/usr/bin/ld -version_details

Build description signature: 82cb4f0ef69928a0736237a244d12865
Build description path: /Users/kdas/Library/Developer/Xcode/DerivedData/snapclone-ftmsqcgvlppmvoanlsjzngajvvlk/Build/Intermediates.noindex/XCBuildData/82cb4f0ef69928a0736237a244d12865.xcbuilddata
CreateBuildDirectory /Users/kdas/Library/Developer/Xcode/DerivedData/snapclone-ftmsqcgvlppmvoanlsjzngajvvlk/Build/Products
    cd /Users/kdas/SEA/Immigration/ImmigrationFinalShowcase/ios/snapclone.xcodeproj
    builtin-create-build-directory /Users/kdas/Library/Developer/Xcode/DerivedData/snapclone-ftmsqcgvlppmvoanlsjzngajvvlk/Build/Products

CreateBuildDirectory /Users/kdas/Library/Developer/Xcode/DerivedData/snapclone-ftmsqcgvlppmvoanlsjzngajvvlk/Build/Intermediates.noindex
    cd /Users/kdas/SEA/Immigration/ImmigrationFinalShowcase/ios/snapclone.xcodeproj
    builtin-create-build-directory /Users/kdas/Library/Developer/Xcode/DerivedData/snapclone-ftmsqcgvlppmvoanlsjzngajvvlk/Build/Intermediates.noindex

ClangStatCache /Applications/Xcode.app/Contents/Developer/Toolchains/XcodeDefault.xctoolchain/usr/bin/clang-stat-cache /Applications/Xcode.app/Contents/Developer/Platforms/iPhoneSimulator.platform/Developer/SDKs/iPhoneSimulator26.5.sdk /Users/kdas/Library/Developer/Xcode/DerivedData/SDKStatCaches.noindex/iphonesimulator26.5-23F81a-6cfe768891a92b912361537c460fe42b.sdkstatcache
    cd /Users/kdas/SEA/Immigration/ImmigrationFinalShowcase/ios/snapclone.xcodeproj
    /Applications/Xcode.app/Contents/Developer/Toolchains/XcodeDefault.xctoolchain/usr/bin/clang-stat-cache /Applications/Xcode.app/Contents/Developer/Platforms/iPhoneSimulator.platform/Developer/SDKs/iPhoneSimulator26.5.sdk -o /Users/kdas/Library/Developer/Xcode/DerivedData/SDKStatCaches.noindex/iphonesimulator26.5-23F81a-6cfe768891a92b912361537c460fe42b.sdkstatcache

CreateBuildDirectory /Users/kdas/Library/Developer/Xcode/DerivedData/snapclone-ftmsqcgvlppmvoanlsjzngajvvlk/Build/Intermediates.noindex/SwiftExplicitPrecompiledModules
    cd /Users/kdas/SEA/Immigration/ImmigrationFinalShowcase/ios/snapclone.xcodeproj
    builtin-create-build-directory /Users/kdas/Library/Developer/Xcode/DerivedData/snapclone-ftmsqcgvlppmvoanlsjzngajvvlk/Build/Intermediates.noindex/SwiftExplicitPrecompiledModules

CreateBuildDirectory /Users/kdas/Library/Developer/Xcode/DerivedData/snapclone-ftmsqcgvlppmvoanlsjzngajvvlk/Build/Intermediates.noindex/ExplicitPrecompiledModules
    cd /Users/kdas/SEA/Immigration/ImmigrationFinalShowcase/ios/snapclone.xcodeproj
    builtin-create-build-directory /Users/kdas/Library/Developer/Xcode/DerivedData/snapclone-ftmsqcgvlppmvoanlsjzngajvvlk/Build/Intermediates.noindex/ExplicitPrecompiledModules

CreateBuildDirectory /Users/kdas/Library/Developer/Xcode/DerivedData/snapclone-ftmsqcgvlppmvoanlsjzngajvvlk/Build/Intermediates.noindex/EagerLinkingTBDs/Debug-iphonesimulator
    cd /Users/kdas/SEA/Immigration/ImmigrationFinalShowcase/ios/snapclone.xcodeproj
    builtin-create-build-directory /Users/kdas/Library/Developer/Xcode/DerivedData/snapclone-ftmsqcgvlppmvoanlsjzngajvvlk/Build/Intermediates.noindex/EagerLinkingTBDs/Debug-iphonesimulator

WriteAuxiliaryFile /Users/kdas/Library/Developer/Xcode/DerivedData/snapclone-ftmsqcgvlppmvoanlsjzngajvvlk/Build/Intermediates.noindex/snapclone.build/Debug-iphonesimulator/snapclone-070691fb8b7349b35d319de61063429e-VFS-iphonesimulator/all-product-headers.yaml
    cd /Users/kdas/SEA/Immigration/ImmigrationFinalShowcase/ios/snapclone.xcodeproj
    write-file /Users/kdas/Library/Developer/Xcode/DerivedData/snapclone-ftmsqcgvlppmvoanlsjzngajvvlk/Build/Intermediates.noindex/snapclone.build/Debug-iphonesimulator/snapclone-070691fb8b7349b35d319de61063429e-VFS-iphonesimulator/all-product-headers.yaml

CreateBuildDirectory /Users/kdas/Library/Developer/Xcode/DerivedData/snapclone-ftmsqcgvlppmvoanlsjzngajvvlk/Build/Products/Debug-iphonesimulator
    cd /Users/kdas/SEA/Immigration/ImmigrationFinalShowcase/ios/snapclone.xcodeproj
    builtin-create-build-directory /Users/kdas/Library/Developer/Xcode/DerivedData/snapclone-ftmsqcgvlppmvoanlsjzngajvvlk/Build/Products/Debug-iphonesimulator

WriteAuxiliaryFile /Users/kdas/Library/Developer/Xcode/DerivedData/snapclone-ftmsqcgvlppmvoanlsjzngajvvlk/Build/Intermediates.noindex/snapclone.build/Debug-iphonesimulator/snapclone.build/snapclone-own-target-headers.hmap (in target 'snapclone' from project 'snapclone')
    cd /Users/kdas/SEA/Immigration/ImmigrationFinalShowcase/ios
    write-file /Users/kdas/Library/Developer/Xcode/DerivedData/snapclone-ftmsqcgvlppmvoanlsjzngajvvlk/Build/Intermediates.noindex/snapclone.build/Debug-iphonesimulator/snapclone.build/snapclone-own-target-headers.hmap

WriteAuxiliaryFile /Users/kdas/Library/Developer/Xcode/DerivedData/snapclone-ftmsqcgvlppmvoanlsjzngajvvlk/Build/Intermediates.noindex/snapclone.build/Debug-iphonesimulator/snapclone.build/snapclone-project-headers.hmap (in target 'snapclone' from project 'snapclone')
    cd /Users/kdas/SEA/Immigration/ImmigrationFinalShowcase/ios
    write-file /Users/kdas/Library/Developer/Xcode/DerivedData/snapclone-ftmsqcgvlppmvoanlsjzngajvvlk/Build/Intermediates.noindex/snapclone.build/Debug-iphonesimulator/snapclone.build/snapclone-project-headers.hmap

WriteAuxiliaryFile /Users/kdas/Library/Developer/Xcode/DerivedData/snapclone-ftmsqcgvlppmvoanlsjzngajvvlk/Build/Intermediates.noindex/snapclone.build/Debug-iphonesimulator/snapclone.build/snapclone.hmap (in target 'snapclone' from project 'snapclone')
    cd /Users/kdas/SEA/Immigration/ImmigrationFinalShowcase/ios
    write-file /Users/kdas/Library/Developer/Xcode/DerivedData/snapclone-ftmsqcgvlppmvoanlsjzngajvvlk/Build/Intermediates.noindex/snapclone.build/Debug-iphonesimulator/snapclone.build/snapclone.hmap

WriteAuxiliaryFile /Users/kdas/Library/Developer/Xcode/DerivedData/snapclone-ftmsqcgvlppmvoanlsjzngajvvlk/Build/Intermediates.noindex/snapclone.build/Debug-iphonesimulator/snapclone.build/snapclone-generated-files.hmap (in target 'snapclone' from project 'snapclone')
    cd /Users/kdas/SEA/Immigration/ImmigrationFinalShowcase/ios
    write-file /Users/kdas/Library/Developer/Xcode/DerivedData/snapclone-ftmsqcgvlppmvoanlsjzngajvvlk/Build/Intermediates.noindex/snapclone.build/Debug-iphonesimulator/snapclone.build/snapclone-generated-files.hmap

WriteAuxiliaryFile /Users/kdas/Library/Developer/Xcode/DerivedData/snapclone-ftmsqcgvlppmvoanlsjzngajvvlk/Build/Intermediates.noindex/snapclone.build/Debug-iphonesimulator/snapclone.build/snapclone-all-target-headers.hmap (in target 'snapclone' from project 'snapclone')
    cd /Users/kdas/SEA/Immigration/ImmigrationFinalShowcase/ios
    write-file /Users/kdas/Library/Developer/Xcode/DerivedData/snapclone-ftmsqcgvlppmvoanlsjzngajvvlk/Build/Intermediates.noindex/snapclone.build/Debug-iphonesimulator/snapclone.build/snapclone-all-target-headers.hmap

WriteAuxiliaryFile /Users/kdas/Library/Developer/Xcode/DerivedData/snapclone-ftmsqcgvlppmvoanlsjzngajvvlk/Build/Intermediates.noindex/snapclone.build/Debug-iphonesimulator/snapclone.build/snapclone-all-non-framework-target-headers.hmap (in target 'snapclone' from project 'snapclone')
    cd /Users/kdas/SEA/Immigration/ImmigrationFinalShowcase/ios
    write-file /Users/kdas/Library/Developer/Xcode/DerivedData/snapclone-ftmsqcgvlppmvoanlsjzngajvvlk/Build/Intermediates.noindex/snapclone.build/Debug-iphonesimulator/snapclone.build/snapclone-all-non-framework-target-headers.hmap

WriteAuxiliaryFile /Users/kdas/Library/Developer/Xcode/DerivedData/snapclone-ftmsqcgvlppmvoanlsjzngajvvlk/Build/Intermediates.noindex/snapclone.build/Debug-iphonesimulator/snapclone.build/snapclone-DebugDylibPath-normal-arm64.txt (in target 'snapclone' from project 'snapclone')
    cd /Users/kdas/SEA/Immigration/ImmigrationFinalShowcase/ios
    write-file /Users/kdas/Library/Developer/Xcode/DerivedData/snapclone-ftmsqcgvlppmvoanlsjzngajvvlk/Build/Intermediates.noindex/snapclone.build/Debug-iphonesimulator/snapclone.build/snapclone-DebugDylibPath-normal-arm64.txt

WriteAuxiliaryFile /Users/kdas/Library/Developer/Xcode/DerivedData/snapclone-ftmsqcgvlppmvoanlsjzngajvvlk/Build/Intermediates.noindex/snapclone.build/Debug-iphonesimulator/snapclone.build/Script-800E24972A6A228C8D4807E9.sh (in target 'snapclone' from project 'snapclone')
    cd /Users/kdas/SEA/Immigration/ImmigrationFinalShowcase/ios
    write-file /Users/kdas/Library/Developer/Xcode/DerivedData/snapclone-ftmsqcgvlppmvoanlsjzngajvvlk/Build/Intermediates.noindex/snapclone.build/Debug-iphonesimulator/snapclone.build/Script-800E24972A6A228C8D4807E9.sh

WriteAuxiliaryFile /Users/kdas/Library/Developer/Xcode/DerivedData/snapclone-ftmsqcgvlppmvoanlsjzngajvvlk/Build/Intermediates.noindex/snapclone.build/Debug-iphonesimulator/snapclone.build/snapclone-DebugDylibInstallName-normal-arm64.txt (in target 'snapclone' from project 'snapclone')
    cd /Users/kdas/SEA/Immigration/ImmigrationFinalShowcase/ios
    write-file /Users/kdas/Library/Developer/Xcode/DerivedData/snapclone-ftmsqcgvlppmvoanlsjzngajvvlk/Build/Intermediates.noindex/snapclone.build/Debug-iphonesimulator/snapclone.build/snapclone-DebugDylibInstallName-normal-arm64.txt

WriteAuxiliaryFile /Users/kdas/Library/Developer/Xcode/DerivedData/snapclone-ftmsqcgvlppmvoanlsjzngajvvlk/Build/Intermediates.noindex/snapclone.build/Debug-iphonesimulator/snapclone.build/Script-08A4A3CD28434E44B6B9DE2E.sh (in target 'snapclone' from project 'snapclone')
    cd /Users/kdas/SEA/Immigration/ImmigrationFinalShowcase/ios
    write-file /Users/kdas/Library/Developer/Xcode/DerivedData/snapclone-ftmsqcgvlppmvoanlsjzngajvvlk/Build/Intermediates.noindex/snapclone.build/Debug-iphonesimulator/snapclone.build/Script-08A4A3CD28434E44B6B9DE2E.sh

WriteAuxiliaryFile /Users/kdas/Library/Developer/Xcode/DerivedData/snapclone-ftmsqcgvlppmvoanlsjzngajvvlk/Build/Intermediates.noindex/snapclone.build/Debug-iphonesimulator/snapclone.build/Script-00DD1BFF1BD5951E006B06BC.sh (in target 'snapclone' from project 'snapclone')
    cd /Users/kdas/SEA/Immigration/ImmigrationFinalShowcase/ios
    write-file /Users/kdas/Library/Developer/Xcode/DerivedData/snapclone-ftmsqcgvlppmvoanlsjzngajvvlk/Build/Intermediates.noindex/snapclone.build/Debug-iphonesimulator/snapclone.build/Script-00DD1BFF1BD5951E006B06BC.sh

WriteAuxiliaryFile /Users/kdas/Library/Developer/Xcode/DerivedData/snapclone-ftmsqcgvlppmvoanlsjzngajvvlk/Build/Intermediates.noindex/snapclone.build/Debug-iphonesimulator/snapclone.build/Objects-normal/arm64/snapclone.SwiftConstValuesFileList (in target 'snapclone' from project 'snapclone')
    cd /Users/kdas/SEA/Immigration/ImmigrationFinalShowcase/ios
    write-file /Users/kdas/Library/Developer/Xcode/DerivedData/snapclone-ftmsqcgvlppmvoanlsjzngajvvlk/Build/Intermediates.noindex/snapclone.build/Debug-iphonesimulator/snapclone.build/Objects-normal/arm64/snapclone.SwiftConstValuesFileList

WriteAuxiliaryFile /Users/kdas/Library/Developer/Xcode/DerivedData/snapclone-ftmsqcgvlppmvoanlsjzngajvvlk/Build/Intermediates.noindex/snapclone.build/Debug-iphonesimulator/snapclone.build/Objects-normal/arm64/snapclone.LinkFileList (in target 'snapclone' from project 'snapclone')
    cd /Users/kdas/SEA/Immigration/ImmigrationFinalShowcase/ios
    write-file /Users/kdas/Library/Developer/Xcode/DerivedData/snapclone-ftmsqcgvlppmvoanlsjzngajvvlk/Build/Intermediates.noindex/snapclone.build/Debug-iphonesimulator/snapclone.build/Objects-normal/arm64/snapclone.LinkFileList

WriteAuxiliaryFile /Users/kdas/Library/Developer/Xcode/DerivedData/snapclone-ftmsqcgvlppmvoanlsjzngajvvlk/Build/Intermediates.noindex/snapclone.build/Debug-iphonesimulator/snapclone.build/Objects-normal/arm64/snapclone_const_extract_protocols.json (in target 'snapclone' from project 'snapclone')
    cd /Users/kdas/SEA/Immigration/ImmigrationFinalShowcase/ios
    write-file /Users/kdas/Library/Developer/Xcode/DerivedData/snapclone-ftmsqcgvlppmvoanlsjzngajvvlk/Build/Intermediates.noindex/snapclone.build/Debug-iphonesimulator/snapclone.build/Objects-normal/arm64/snapclone_const_extract_protocols.json

WriteAuxiliaryFile /Users/kdas/Library/Developer/Xcode/DerivedData/snapclone-ftmsqcgvlppmvoanlsjzngajvvlk/Build/Intermediates.noindex/snapclone.build/Debug-iphonesimulator/snapclone.build/Objects-normal/arm64/snapclone-OutputFileMap.json (in target 'snapclone' from project 'snapclone')
    cd /Users/kdas/SEA/Immigration/ImmigrationFinalShowcase/ios
    write-file /Users/kdas/Library/Developer/Xcode/DerivedData/snapclone-ftmsqcgvlppmvoanlsjzngajvvlk/Build/Intermediates.noindex/snapclone.build/Debug-iphonesimulator/snapclone.build/Objects-normal/arm64/snapclone-OutputFileMap.json

WriteAuxiliaryFile /Users/kdas/Library/Developer/Xcode/DerivedData/snapclone-ftmsqcgvlppmvoanlsjzngajvvlk/Build/Intermediates.noindex/snapclone.build/Debug-iphonesimulator/snapclone.build/snapclone.DependencyStaticMetadataFileList (in target 'snapclone' from project 'snapclone')
    cd /Users/kdas/SEA/Immigration/ImmigrationFinalShowcase/ios
    write-file /Users/kdas/Library/Developer/Xcode/DerivedData/snapclone-ftmsqcgvlppmvoanlsjzngajvvlk/Build/Intermediates.noindex/snapclone.build/Debug-iphonesimulator/snapclone.build/snapclone.DependencyStaticMetadataFileList

WriteAuxiliaryFile /Users/kdas/Library/Developer/Xcode/DerivedData/snapclone-ftmsqcgvlppmvoanlsjzngajvvlk/Build/Intermediates.noindex/snapclone.build/Debug-iphonesimulator/snapclone.build/snapclone.DependencyMetadataFileList (in target 'snapclone' from project 'snapclone')
    cd /Users/kdas/SEA/Immigration/ImmigrationFinalShowcase/ios
    write-file /Users/kdas/Library/Developer/Xcode/DerivedData/snapclone-ftmsqcgvlppmvoanlsjzngajvvlk/Build/Intermediates.noindex/snapclone.build/Debug-iphonesimulator/snapclone.build/snapclone.DependencyMetadataFileList

WriteAuxiliaryFile /Users/kdas/Library/Developer/Xcode/DerivedData/snapclone-ftmsqcgvlppmvoanlsjzngajvvlk/Build/Intermediates.noindex/snapclone.build/Debug-iphonesimulator/snapclone.build/Objects-normal/arm64/snapclone.SwiftFileList (in target 'snapclone' from project 'snapclone')
    cd /Users/kdas/SEA/Immigration/ImmigrationFinalShowcase/ios
    write-file /Users/kdas/Library/Developer/Xcode/DerivedData/snapclone-ftmsqcgvlppmvoanlsjzngajvvlk/Build/Intermediates.noindex/snapclone.build/Debug-iphonesimulator/snapclone.build/Objects-normal/arm64/snapclone.SwiftFileList

WriteAuxiliaryFile /Users/kdas/Library/Developer/Xcode/DerivedData/snapclone-ftmsqcgvlppmvoanlsjzngajvvlk/Build/Intermediates.noindex/snapclone.build/Debug-iphonesimulator/snapclone.build/Objects-normal/arm64/7187679823f38a2a940e0043cdf9d637-common-args.resp (in target 'snapclone' from project 'snapclone')
    cd /Users/kdas/SEA/Immigration/ImmigrationFinalShowcase/ios
    write-file /Users/kdas/Library/Developer/Xcode/DerivedData/snapclone-ftmsqcgvlppmvoanlsjzngajvvlk/Build/Intermediates.noindex/snapclone.build/Debug-iphonesimulator/snapclone.build/Objects-normal/arm64/7187679823f38a2a940e0043cdf9d637-common-args.resp
'-std=gnu99' -fmodules -gmodules '-fmodules-cache-path=/Users/kdas/Library/Developer/Xcode/DerivedData/ModuleCache.noindex' -fpascal-strings -O0 -fno-common '-DDEBUG=1' '-DFB_SONARKIT_ENABLED=1' -g -iquote /Users/kdas/Library/Developer/Xcode/DerivedData/snapclone-ftmsqcgvlppmvoanlsjzngajvvlk/Build/Intermediates.noindex/snapclone.build/Debug-iphonesimulator/snapclone.build/snapclone-generated-files.hmap -I/Users/kdas/Library/Developer/Xcode/DerivedData/snapclone-ftmsqcgvlppmvoanlsjzngajvvlk/Build/Intermediates.noindex/snapclone.build/Debug-iphonesimulator/snapclone.build/snapclone-own-target-headers.hmap -I/Users/kdas/Library/Developer/Xcode/DerivedData/snapclone-ftmsqcgvlppmvoanlsjzngajvvlk/Build/Intermediates.noindex/snapclone.build/Debug-iphonesimulator/snapclone.build/snapclone-all-target-headers.hmap -iquote /Users/kdas/Library/Developer/Xcode/DerivedData/snapclone-ftmsqcgvlppmvoanlsjzngajvvlk/Build/Intermediates.noindex/snapclone.build/Debug-iphonesimulator/snapclone.build/snapclone-project-headers.hmap -I/Users/kdas/Library/Developer/Xcode/DerivedData/snapclone-ftmsqcgvlppmvoanlsjzngajvvlk/Build/Products/Debug-iphonesimulator/include -I/Users/kdas/Library/Developer/Xcode/DerivedData/snapclone-ftmsqcgvlppmvoanlsjzngajvvlk/Build/Intermediates.noindex/snapclone.build/Debug-iphonesimulator/snapclone.build/DerivedSources-normal/arm64 -I/Users/kdas/Library/Developer/Xcode/DerivedData/snapclone-ftmsqcgvlppmvoanlsjzngajvvlk/Build/Intermediates.noindex/snapclone.build/Debug-iphonesimulator/snapclone.build/DerivedSources/arm64 -I/Users/kdas/Library/Developer/Xcode/DerivedData/snapclone-ftmsqcgvlppmvoanlsjzngajvvlk/Build/Intermediates.noindex/snapclone.build/Debug-iphonesimulator/snapclone.build/DerivedSources -F/Users/kdas/Library/Developer/Xcode/DerivedData/snapclone-ftmsqcgvlppmvoanlsjzngajvvlk/Build/Products/Debug-iphonesimulator

WriteAuxiliaryFile /Users/kdas/Library/Developer/Xcode/DerivedData/snapclone-ftmsqcgvlppmvoanlsjzngajvvlk/Build/Intermediates.noindex/snapclone.build/Debug-iphonesimulator/snapclone.build/DerivedSources/Entitlements-Simulated.plist (in target 'snapclone' from project 'snapclone')
    cd /Users/kdas/SEA/Immigration/ImmigrationFinalShowcase/ios
    write-file /Users/kdas/Library/Developer/Xcode/DerivedData/snapclone-ftmsqcgvlppmvoanlsjzngajvvlk/Build/Intermediates.noindex/snapclone.build/Debug-iphonesimulator/snapclone.build/DerivedSources/Entitlements-Simulated.plist

WriteAuxiliaryFile /Users/kdas/Library/Developer/Xcode/DerivedData/snapclone-ftmsqcgvlppmvoanlsjzngajvvlk/Build/Intermediates.noindex/snapclone.build/Debug-iphonesimulator/snapclone.build/DerivedSources/snapclone_vers.c (in target 'snapclone' from project 'snapclone')
    cd /Users/kdas/SEA/Immigration/ImmigrationFinalShowcase/ios
    write-file /Users/kdas/Library/Developer/Xcode/DerivedData/snapclone-ftmsqcgvlppmvoanlsjzngajvvlk/Build/Intermediates.noindex/snapclone.build/Debug-iphonesimulator/snapclone.build/DerivedSources/snapclone_vers.c

MkDir /Users/kdas/Library/Developer/Xcode/DerivedData/snapclone-ftmsqcgvlppmvoanlsjzngajvvlk/Build/Products/Debug-iphonesimulator/snapclone.app (in target 'snapclone' from project 'snapclone')
    cd /Users/kdas/SEA/Immigration/ImmigrationFinalShowcase/ios
    /bin/mkdir -p /Users/kdas/Library/Developer/Xcode/DerivedData/snapclone-ftmsqcgvlppmvoanlsjzngajvvlk/Build/Products/Debug-iphonesimulator/snapclone.app

ProcessProductPackaging /Users/kdas/SEA/Immigration/ImmigrationFinalShowcase/ios/snapclone/snapclone.entitlements /Users/kdas/Library/Developer/Xcode/DerivedData/snapclone-ftmsqcgvlppmvoanlsjzngajvvlk/Build/Intermediates.noindex/snapclone.build/Debug-iphonesimulator/snapclone.build/snapclone.app.xcent (in target 'snapclone' from project 'snapclone')
    cd /Users/kdas/SEA/Immigration/ImmigrationFinalShowcase/ios
    
    Entitlements:
    
    {
}
    
    builtin-productPackagingUtility /Users/kdas/SEA/Immigration/ImmigrationFinalShowcase/ios/snapclone/snapclone.entitlements -entitlements -format xml -o /Users/kdas/Library/Developer/Xcode/DerivedData/snapclone-ftmsqcgvlppmvoanlsjzngajvvlk/Build/Intermediates.noindex/snapclone.build/Debug-iphonesimulator/snapclone.build/snapclone.app.xcent

ProcessProductPackaging /Users/kdas/SEA/Immigration/ImmigrationFinalShowcase/ios/snapclone/snapclone.entitlements /Users/kdas/Library/Developer/Xcode/DerivedData/snapclone-ftmsqcgvlppmvoanlsjzngajvvlk/Build/Intermediates.noindex/snapclone.build/Debug-iphonesimulator/snapclone.build/snapclone.app-Simulated.xcent (in target 'snapclone' from project 'snapclone')
    cd /Users/kdas/SEA/Immigration/ImmigrationFinalShowcase/ios
    
    Entitlements:
    
    {
    "application-identifier" = "FAKETEAMID.com.anonymous.snap-clone";
}
    
    builtin-productPackagingUtility /Users/kdas/SEA/Immigration/ImmigrationFinalShowcase/ios/snapclone/snapclone.entitlements -entitlements -format xml -o /Users/kdas/Library/Developer/Xcode/DerivedData/snapclone-ftmsqcgvlppmvoanlsjzngajvvlk/Build/Intermediates.noindex/snapclone.build/Debug-iphonesimulator/snapclone.build/snapclone.app-Simulated.xcent

ProcessProductPackagingDER /Users/kdas/Library/Developer/Xcode/DerivedData/snapclone-ftmsqcgvlppmvoanlsjzngajvvlk/Build/Intermediates.noindex/snapclone.build/Debug-iphonesimulator/snapclone.build/snapclone.app-Simulated.xcent /Users/kdas/Library/Developer/Xcode/DerivedData/snapclone-ftmsqcgvlppmvoanlsjzngajvvlk/Build/Intermediates.noindex/snapclone.build/Debug-iphonesimulator/snapclone.build/snapclone.app-Simulated.xcent.der (in target 'snapclone' from project 'snapclone')
    cd /Users/kdas/SEA/Immigration/ImmigrationFinalShowcase/ios
    /usr/bin/derq query -f xml -i /Users/kdas/Library/Developer/Xcode/DerivedData/snapclone-ftmsqcgvlppmvoanlsjzngajvvlk/Build/Intermediates.noindex/snapclone.build/Debug-iphonesimulator/snapclone.build/snapclone.app-Simulated.xcent -o /Users/kdas/Library/Developer/Xcode/DerivedData/snapclone-ftmsqcgvlppmvoanlsjzngajvvlk/Build/Intermediates.noindex/snapclone.build/Debug-iphonesimulator/snapclone.build/snapclone.app-Simulated.xcent.der --raw

ProcessProductPackagingDER /Users/kdas/Library/Developer/Xcode/DerivedData/snapclone-ftmsqcgvlppmvoanlsjzngajvvlk/Build/Intermediates.noindex/snapclone.build/Debug-iphonesimulator/snapclone.build/snapclone.app.xcent /Users/kdas/Library/Developer/Xcode/DerivedData/snapclone-ftmsqcgvlppmvoanlsjzngajvvlk/Build/Intermediates.noindex/snapclone.build/Debug-iphonesimulator/snapclone.build/snapclone.app.xcent.der (in target 'snapclone' from project 'snapclone')
    cd /Users/kdas/SEA/Immigration/ImmigrationFinalShowcase/ios
    /usr/bin/derq query -f xml -i /Users/kdas/Library/Developer/Xcode/DerivedData/snapclone-ftmsqcgvlppmvoanlsjzngajvvlk/Build/Intermediates.noindex/snapclone.build/Debug-iphonesimulator/snapclone.build/snapclone.app.xcent -o /Users/kdas/Library/Developer/Xcode/DerivedData/snapclone-ftmsqcgvlppmvoanlsjzngajvvlk/Build/Intermediates.noindex/snapclone.build/Debug-iphonesimulator/snapclone.build/snapclone.app.xcent.der --raw

PhaseScriptExecution [CP]\ Check\ Pods\ Manifest.lock /Users/kdas/Library/Developer/Xcode/DerivedData/snapclone-ftmsqcgvlppmvoanlsjzngajvvlk/Build/Intermediates.noindex/snapclone.build/Debug-iphonesimulator/snapclone.build/Script-08A4A3CD28434E44B6B9DE2E.sh (in target 'snapclone' from project 'snapclone')
    cd /Users/kdas/SEA/Immigration/ImmigrationFinalShowcase/ios
    /bin/sh -c /Users/kdas/Library/Developer/Xcode/DerivedData/snapclone-ftmsqcgvlppmvoanlsjzngajvvlk/Build/Intermediates.noindex/snapclone.build/Debug-iphonesimulator/snapclone.build/Script-08A4A3CD28434E44B6B9DE2E.sh
diff: /Podfile.lock: No such file or directory
error: The sandbox is not in sync with the Podfile.lock. Run 'pod install' or update your CocoaPods installation.

note: Run script build phase 'Bundle React Native code and images' will be run during every build because the option to run the script phase "Based on dependency analysis" is unchecked. (in target 'snapclone' from project 'snapclone')
